[backblue.gif]
[fade.gif]
[index.html]
[file/C_/Users/Ken/Desktop/Tibeb web/Index.html]
[file/C_/Users/Ken/Desktop/Tibeb web/logo.jpg]
[file/C_/Users/Ken/Desktop/Tibeb web/greenarrow.png]
[file/C_/Users/Ken/Desktop/Tibeb web/wub.js]
[file/C_/Users/Ken/Desktop/Tibeb web/UFC.jpg]
[file/C_/Users/Ken/Desktop/Tibeb web/Facebook1.jpg]
[file/C_/Users/Ken/Desktop/Tibeb web/Twitter.png]
[file/C_/Users/Ken/Desktop/Tibeb web/Gmail.png]
[file/C_/Users/Ken/Desktop/Tibeb web/UFC1.jpg]
[file/C_/Users/Ken/Desktop/Tibeb web/UFC2.jpg]
[file/C_/Users/Ken/Desktop/Tibeb web/EFC1.jpg]
[file/C_/Users/Ken/Desktop/Tibeb web/EFC2.jpg]
[file/C_/Users/Ken/Desktop/Tibeb web/estifo.css]
[file/C_/Users/Ken/Desktop/Tibeb web/fonts/wmfood2.TTF]
[file/C_/Users/Ken/Desktop/Tibeb web/fonts/alpha_echo.ttf]
[file/C_/Users/Ken/Desktop/Tibeb web/KTN.jpg]
[file/C_/Users/Ken/Desktop/Tibeb web/arrow.png.ping]
[file/C_/Users/Ken/Desktop/Tibeb web/fonts/wmfood2d41d.TTF]
[file/C_/Users/Ken/Desktop/Tibeb web/fonts/wmfood2.svg]
[file/C_/Users/Ken/Desktop/Tibeb web/fonts/alpha_echod41d.ttf]
[file/C_/Users/Ken/Desktop/Tibeb web/fonts/alpha_echo.svg]
[file/C_/Users/Ken/Desktop/Tibeb web/images/top.png]
[file/C_/Users/Ken/Desktop/Tibeb web/images/line.png]
[file/C_/Users/Ken/Desktop/Tibeb web/images/shadow.png]
[file/C_/Users/Ken/Desktop/Tibeb web/images/external_link.png]
